<html>
<body>
<pre>
<h1>µVision Build Log</h1>
<h2>Tool Versions:</h2>
IDE-Version: ¦ÌVision V5.40.0.0
Copyright (C) 2024 ARM Ltd and ARM Germany GmbH. All rights reserved.
License Information: Lann l, Apple, LIC=VGXG8-3MJUD-UHD8H-WDFZD-4XURN-GGUA5
 
Tool Versions:
Toolchain:       MDK-ARM Plus  Version: 5.40.0.3
Toolchain Path:  C:\Program Files\Keil_v5\ARM\ARMCLANG\Bin
C Compiler:      ArmClang.exe V6.22
Assembler:       Armasm.exe V6.22
Linker/Locator:  ArmLink.exe V6.22
Library Manager: ArmAr.exe V6.22
Hex Converter:   FromElf.exe V6.22
CPU DLL:         SARMCM3.DLL V5.40.0.3
Dialog DLL:      DCM.DLL V1.17.5.0
Target DLL:      STLink\ST-LINKIII-KEIL_SWO.dll V3.3.0.0
Dialog DLL:      TCM.DLL V1.56.4.0
 
<h2>Project:</h2>
D:\Documents\STM32 Test\I2C_CPP_test\MDK-ARM\I2C_CPP_test.uvprojx
Project File Date:  09/22/2024

<h2>Output:</h2>
*** Using Compiler 'V6.22', folder: 'C:\Program Files\Keil_v5\ARM\ARMCLANG\Bin'
Build target 'I2C_CPP_test'
Note: source file '..\Bsp\i2c\bsp_i2c.hpp' - object file renamed from 'I2C_CPP_test\bsp_i2c.o' to 'I2C_CPP_test\bsp_i2c_1.o'.
Note: source file '..\module\oled.hpp' - object file renamed from 'I2C_CPP_test\oled.o' to 'I2C_CPP_test\oled_1.o'.
compiling bsp_i2c.cpp...
compiling oled.cpp...
linking...
Program Size: Code=12256 RO-data=1456 RW-data=52 ZI-data=3980  
FromELF: creating hex file...
"I2C_CPP_test\I2C_CPP_test.axf" - 0 Error(s), 0 Warning(s).

<h2>Software Packages used:</h2>

Package Vendor: ARM
                http://www.keil.com/pack/ARM.CMSIS.5.9.0.pack
                ARM::CMSIS@5.9.0
                CMSIS (Common Microcontroller Software Interface Standard)
   * Component: CORE Version: 5.6.0

Package Vendor: Keil
                https://www.keil.com/pack/Keil.STM32F1xx_DFP.2.4.1.pack
                Keil::STM32F1xx_DFP@2.4.1
                STMicroelectronics STM32F1 Series Device Support, Drivers and Examples

<h2>Collection of Component include folders:</h2>
  ./RTE/_I2C_CPP_test
  C:/Program Files/ARM/Packs/ARM/CMSIS/5.9.0/CMSIS/Core/Include
  C:/Program Files/ARM/Packs/Keil/STM32F1xx_DFP/2.4.1/Device/Include

<h2>Collection of Component Files used:</h2>

   * Component: ARM::CMSIS:CORE@5.6.0
      Include file:  CMSIS/Core/Include/tz_context.h
Build Time Elapsed:  00:00:02
</pre>
</body>
</html>
